# Tasks for Studying Behavioral Economics Phenomena

## 1. **Range Dependence & Reference Dependence**
- **Lottery choice tasks**: Participants evaluate gambles with different ranges of outcomes
- **Willingness-to-pay (WTP) vs. willingness-to-accept (WTA)**: Measures reference point effects
- **Adaptation level tasks**: Study how judgment shifts with context

## 2. **Loss Aversion**
- **Gain-loss choice tasks**: Comparing identical options framed as gains vs. losses
- **Endowment effect experiments**: Participants value owned items more than identical unowned items
- **Lottery evaluations**: Assessing preferences for symmetric gambles around reference points
- **Buying/selling price tasks**: Measuring price disparities reflecting loss aversion

## 3. **Framing Effects**
- **Asian Disease Problem**: Classic task showing preference reversals based on gain/loss framing
- **Risky choice tasks**: Same objective outcomes presented differently (e.g., "90% survive" vs. "10% die")
- **Pricing tasks**: Products described via different attributes or contexts
- **Medical decision tasks**: Treatment options framed as success rates vs. failure rates

## 4. **IIA (Independence of Irrelevant Alternatives) Violations**
- **Multi-option choice sets**: Three-alternative tasks revealing menu-dependence
- **Attraction effect tasks**: Adding a dominated option shifts preferences
- **Decoy tests**: Introducing asymmetrically dominated alternatives
- **Choice context experiments**: Same pair of options with and without third options

## 5. **Temporal Discounting**
- **Intertemporal choice tasks**: Choosing between smaller-sooner vs. larger-later rewards
- **Delay discounting questionnaires**: Monetary choices at various time horizons
- **Matching tasks**: Finding indifference points between immediate and delayed amounts
- **Preference reversal over time**: Measuring dynamic inconsistency (β-δ models)

## **Common Methodologies Across Tasks**
- **Choice tasks**: Binary or multiple comparisons
- **Valuation tasks**: WTP, WTA, rating scales
- **Incentive compatibility**: Real payoffs to ensure valid responses
- **Within-subject designs**: Testing multiple frames/conditions per participant
- **Eye tracking**: Monitoring attention during decision-making
- **fMRI/neuroscience methods**: Neural correlates of these phenomena

These tasks are foundational to behavioral economics research and often combined to provide converging evidence.

